// Jest Snapshot v1, https://goo.gl/fbAQLP

exports[`moves calendar entries and saves file 1`] = `
"$ node --loader ts-node/esm/transpile-only.mjs index.ts __tests__/ical-move-events-input-calendar.ics 2021-08-23
Calendar events updated and saved in __tests__/ical-move-events-input-calendar-moved.ics"
`;

exports[`moves calendar entries and saves file 2`] = `
"BEGIN:VCALENDAR
VERSION:2.0
PRODID:-//sebbo.net//ical-generator//EN
BEGIN:VEVENT

SEQUENCE:0
DTSTAMP:
DTSTART:20210831T070000Z
DTEND:20210831T160000Z
SUMMARY:üéâ Holiday
DESCRIPTION:
END:VEVENT
BEGIN:VEVENT

SEQUENCE:0
DTSTAMP:
DTSTART:20210824T103000Z
DTEND:20210824T160000Z
SUMMARY:Project Time 2
DESCRIPTION:
END:VEVENT
BEGIN:VEVENT

SEQUENCE:0
DTSTAMP:
DTSTART:20210823T103000Z
DTEND:20210823T160000Z
SUMMARY:Project Time 1
DESCRIPTION:
END:VEVENT
BEGIN:VEVENT

SEQUENCE:0
DTSTAMP:
DTSTART:20210825T103000Z
DTEND:20210825T160000Z
SUMMARY:Project Time 3
DESCRIPTION:
END:VEVENT
BEGIN:VEVENT

SEQUENCE:0
DTSTAMP:
DTSTART:20210824T073000Z
DTEND:20210824T103000Z
SUMMARY:üßë‚Äçüè´ Lecture 2
DESCRIPTION:
END:VEVENT
BEGIN:VEVENT

SEQUENCE:0
DTSTAMP:
DTSTART:20210825T073000Z
DTEND:20210825T103000Z
SUMMARY:üßë‚Äçüè´ Lecture 3
DESCRIPTION:
END:VEVENT
BEGIN:VEVENT

SEQUENCE:0
DTSTAMP:
DTSTART:20210826T073000Z
DTEND:20210826T103000Z
SUMMARY:üßë‚Äçüè´ Lecture 4
DESCRIPTION:
END:VEVENT
BEGIN:VEVENT

SEQUENCE:0
DTSTAMP:
DTSTART:20210823T220000Z
DTEND:20210826T220000Z
SUMMARY:üèó Project 3 (stretch) (3 days)
DESCRIPTION:
END:VEVENT
BEGIN:VEVENT

SEQUENCE:0
DTSTAMP:
DTSTART:20210822T220000Z
DTEND:20210825T220000Z
SUMMARY:üèó Project 1 (3 days)
DESCRIPTION:
END:VEVENT
BEGIN:VEVENT

SEQUENCE:0
DTSTAMP:
DTSTART:20210825T220000Z
DTEND:20210903T220000Z
SUMMARY:üèó Project 2 (6 days)
DESCRIPTION:
END:VEVENT
BEGIN:VEVENT

SEQUENCE:0
DTSTAMP:
DTSTART:20210824T070000Z
DTEND:20210824T073000Z
RRULE:FREQ=WEEKLY;INTERVAL=1;WKST=MO;COUNT=9;BYDAY=FR,MO,TH,TU,WE;BYHOUR=7
 ;BYMINUTE=0;BYSECOND=0
SUMMARY:Standup (repeating)
DESCRIPTION:
END:VEVENT
BEGIN:VEVENT

SEQUENCE:0
DTSTAMP:
DTSTART:20210823T070000Z
DTEND:20210823T103000Z
SUMMARY:üßë‚Äçüè´ Lecture 1
DESCRIPTION:
END:VEVENT
BEGIN:VEVENT

SEQUENCE:0
DTSTAMP:
DTSTART:20210826T103000Z
DTEND:20210826T160000Z
SUMMARY:Project Time 4
DESCRIPTION:
END:VEVENT
BEGIN:VEVENT

SEQUENCE:0
DTSTAMP:
DTSTART:20210827T103000Z
DTEND:20210827T160000Z
SUMMARY:Project Time 5
DESCRIPTION:
END:VEVENT
BEGIN:VEVENT

SEQUENCE:0
DTSTAMP:
DTSTART:20210827T073000Z
DTEND:20210827T103000Z
SUMMARY:üßë‚Äçüè´ Lecture 5
DESCRIPTION:
END:VEVENT
BEGIN:VEVENT

SEQUENCE:0
DTSTAMP:
DTSTART:20210830T073000Z
DTEND:20210830T103000Z
SUMMARY:üßë‚Äçüè´ Lecture 6
DESCRIPTION:
END:VEVENT
BEGIN:VEVENT

SEQUENCE:0
DTSTAMP:
DTSTART:20210830T103000Z
DTEND:20210830T160000Z
SUMMARY:Project Time 6
DESCRIPTION:
END:VEVENT
BEGIN:VEVENT

SEQUENCE:0
DTSTAMP:
DTSTART:20210902T073000Z
DTEND:20210902T160000Z
SUMMARY:Project Time 8
DESCRIPTION:
END:VEVENT
BEGIN:VEVENT

SEQUENCE:0
DTSTAMP:
DTSTART:20210901T073000Z
DTEND:20210901T160000Z
SUMMARY:Project Time 7
DESCRIPTION:
END:VEVENT
BEGIN:VEVENT

SEQUENCE:0
DTSTAMP:
DTSTART:20210903T073000Z
DTEND:20210903T160000Z
SUMMARY:Project Time 9
DESCRIPTION:
END:VEVENT
END:VCALENDAR"
`;

exports[`throws error if output file location already exists 1`] = `
"(node:) ExperimentalWarning: --experimental-loader is an experimental feature. This feature could change at any time
(Use \`node --trace-warnings ...\` to show where the warning was created)
Error: Output file at __tests__/ical-move-events-input-calendar-moved.ics already exists!
error Command failed with exit code 1."
`;
